// Jest Snapshot v1, https://goo.gl/fbAQLP

exports[`unit test test 1 1`] = `3`;
